▲ Next.js 16.2.0 (webpack)
- Environments: .env.local, .env

  Creating an optimized production build ...
 ✓ (pwa) Compiling for server...
 ✓ (pwa) Compiling for server...
 ✓ (pwa) Compiling for client (static)...
 ○ (pwa) Service worker: C:\Projetos\omni-gestao\public\sw.js
 ○ (pwa)   URL: /sw.js
 ○ (pwa)   Scope: /
